<?xml version="1.0" encoding="UTF-8"?>
<dataset>
    <ball_history id="1" user_id="1" title="운영 클래스" content="프랑스어 수업" count="1" is_active="true"/>
    <ball_history id="2" user_id="1" title="수강 클래스" content="영어 수업" count="-1" is_active="true"/>
    <ball_history id="3" user_id="2" title="온보딩" content="온보딩" count="1" is_active="true"/>
    <ball_history id="4" user_id="2" title="수강 클래스" content="자바 수업" count="-1" is_active="true"/>
    <ball_history id="5" user_id="3" title="운영 클래스" content="프랑스어 수업" count="1" is_active="true"/>
    <ball_history id="6" user_id="4" title="온보딩" content="온보딩" count="1" is_active="true"/>
    <ball_history id="7" user_id="5" title="운영 클래스" content="프랑스어 수업" count="1" is_active="true"/>
    <ball_history id="8" user_id="1" title="테스트8 제목" content="테스트8 내용" count="1" is_active="true"/>
</dataset>
