<?xml version="1.0" encoding="UTF-8"?>
<dataset>
    <coach id="2" user_id="3" introduce="안녕하세요. 테스트3 코치입니다." is_active="true" created_at="2022-06-13 21:57:18"
           updated_at="2022-06-13 21:57:18"/>
    <coach id="3" user_id="4" introduce="안녕하세요. 테스트4 코치입니다." is_active="true" created_at="2022-06-13 21:57:18"
           updated_at="2022-06-13 21:57:19"/>
    <coach id="4" user_id="5" introduce="안녕하세요. 테스트5 코치입니다." is_active="false" created_at="2022-06-13 21:57:20"
           updated_at="2022-06-13 21:57:19"/>
</dataset>
