<?xml version="1.0" encoding="UTF-8"?>
<dataset>
    <tag id="1" lecture_info_id="1" content="변경내용" is_active="true" created_at="2022-06-13 22:42:23" />
    <tag id="2" lecture_info_id="1" content="쉬워요" is_active="true" created_at="2022-06-13 22:42:24" />
    <tag id="3" lecture_info_id="2" content="언어" is_active="true" created_at="2022-06-13 22:42:25" />
    <tag id="4" lecture_info_id="2" content="자바개발" is_active="true" created_at="2022-06-13 22:42:26" />
    <tag id="5" lecture_info_id="3" content="전문가" is_active="false" created_at="2022-06-13 22:42:27" />

</dataset>
