<?xml version="1.0" encoding="UTF-8"?>
<dataset>
    <user_image id="2" user_id="1" user_img_url="http://test1.img2.url" is_active="false"
                created_at="2022-06-13 21:26:59" updated_at="2022-06-13 21:27:00"/>
    <user_image id="3" user_id="2" user_img_url="http://test2.img.url" is_active="false"
                created_at="2022-06-13 21:27:02" updated_at="2022-06-13 21:27:01"/>
    <user_image id="4" user_id="3" user_img_url="http://test3.img.url" is_active="true" created_at="2022-06-13 21:27:03"
                updated_at="2022-06-13 21:27:03"/>
    <user_image id="5" user_id="4" user_img_url="http://test4.img.url" is_active="true" created_at="2022-06-13 21:27:04"
                updated_at="2022-06-13 21:27:04"/>
    <user_image id="6" user_id="5" user_img_url="http://test5.img.url" is_active="true" created_at="2022-06-13 21:27:05"
                updated_at="2022-06-13 21:27:05"/>
    <user_image id="7" user_id="2" user_img_url="http://test2.img2.url" is_active="true"
                created_at="2022-06-13 21:27:06" updated_at="2022-06-13 21:27:06"/>
</dataset>
